pmank@LAPTOP-046D1TRN MINGW64 ~
$ git clone https://github.com/pmankar02/KBCNMU.git
fatal: destination path 'KBCNMU' already exists and is not an empty directory.

pmank@LAPTOP-046D1TRN MINGW64 ~
$ cd KBCNMU

pmank@LAPTOP-046D1TRN MINGW64 ~/KBCNMU (main)
$ git init KBCNMU
Initialized empty Git repository in C:/Users/pmank/KBCNMU/KBCNMU/.git/

pmank@LAPTOP-046D1TRN MINGW64 ~/KBCNMU (main)
$ touch file.txt

pmank@LAPTOP-046D1TRN MINGW64 ~/KBCNMU (main)
$ git add file.txt

pmank@LAPTOP-046D1TRN MINGW64 ~/KBCNMU (main)
$ git commit -m "first commit"
Author identity unknown

*** Please tell me who you are.

Run

  git config --global user.email "you@example.com"
  git config --global user.name "Your Name"

to set your account's default identity.
Omit --global to set the identity only in this repository.

fatal: unable to auto-detect email address (got 'pmank@LAPTOP-046D1TRN.(none)')

pmank@LAPTOP-046D1TRN MINGW64 ~/KBCNMU (main)
$ ^C

pmank@LAPTOP-046D1TRN MINGW64 ~/KBCNMU (main)
$ ^[[200~ git config --global user.email "you@example.com"
bash: $'\E[200~': command not found

pmank@LAPTOP-046D1TRN MINGW64 ~/KBCNMU (main)
$ git config --global user.email "pmankar02@gmail.com"
git: 'config' is not a git command. See 'git --help'.

The most similar command is
        config

pmank@LAPTOP-046D1TRN MINGW64 ~/KBCNMU (main)
$ git config --global user.email "pmankar02@gmail.com"

pmank@LAPTOP-046D1TRN MINGW64 ~/KBCNMU (main)
$ git config --global user.name "pmankar02"

pmank@LAPTOP-046D1TRN MINGW64 ~/KBCNMU (main)
$ git commit -m "first commit"
[main c51b1c3] first commit
 1 file changed, 0 insertions(+), 0 deletions(-)
 create mode 100644 file.txt




